
*** crates/amplihack-cli/src/commands/session_tree/mod.rs:146:5: replace run_register -> Result<()> with Ok(())

*** mutation diff:
--- crates/amplihack-cli/src/commands/session_tree/mod.rs
+++ replace run_register -> Result<()> with Ok(())
@@ -138,86 +138,17 @@
 }
 
 fn run_register(
     ctx: TreeContext,
     session_id: Option<String>,
     parent_id: Option<String>,
     as_json: bool,
 ) -> Result<()> {
-    let session_id = session_id.unwrap_or_else(random_id);
-    validate_tree_id(&session_id).context("invalid session_id")?;
-    if let Some(p) = parent_id.as_deref() {
-        validate_tree_id(p).context("invalid parent_id")?;
-    }
-    let tree_id = match ctx.tree_id.clone() {
-        Some(id) => {
-            validate_tree_id(&id).context("invalid AMPLIHACK_TREE_ID")?;
-            id
-        }
-        None => random_id(),
-    };
-
-    let dir = state_dir()?;
-    let max_sessions = ctx.max_sessions;
-    let max_depth = ctx.max_depth;
-    let depth = ctx.depth;
-    let parent_id_clone = parent_id.clone();
-    let session_id_clone = session_id.clone();
-
-    let outcome: Result<()> = with_locked_tree(&dir, &tree_id, move |path| {
-        let mut state = load_state(path)?;
-        let active = state.active_count();
-        if active >= max_sessions {
-            anyhow::bail!("max_sessions={max_sessions} reached ({active} active)");
-        }
-        // Issue #1326: the ceiling is sealed by the root registration and the
-        // environment may only lower it thereafter, never raise it.
-        let effective = effective_max_depth(state.ceiling, Some(max_depth));
-        if state.ceiling.is_none() {
-            state.ceiling = Some(effective);
-        }
-        if depth > effective {
-            anyhow::bail!("depth={depth} exceeds max_depth={effective}");
-        }
-        let entry = SessionEntry {
-            depth,
-            parent: parent_id_clone.clone(),
-            status: SessionStatus::Active,
-            started_at: now_secs(),
-            completed_at: None,
-            children: vec![],
-            pid: Some(std::process::id()),
-        };
-        state.sessions.insert(session_id_clone.clone(), entry);
-        if let Some(pid) = parent_id_clone.as_ref()
-            && let Some(parent_entry) = state.sessions.get_mut(pid)
-            && !parent_entry.children.contains(&session_id_clone)
-        {
-            parent_entry.children.push(session_id_clone.clone());
-        }
-        save_state(path, state)
-    });
-
-    match outcome {
-        Ok(()) => {
-            if as_json {
-                // Opt-in single-line JSON; reuses the extract-field pipeline.
-                println!("{}", json!({ "tree_id": tree_id, "depth": depth }));
-            } else {
-                // Byte-exact stdout contract consumed by smart-orchestrator.yaml.
-                println!("TREE_ID={tree_id} DEPTH={depth}");
-            }
-            Ok(())
-        }
-        Err(err) => {
-            eprintln!("ERROR: {err}");
-            std::process::exit(1);
-        }
-    }
+    Ok(()) /* ~ changed by cargo-mutants ~ */
 }
 
 fn run_complete(ctx: TreeContext, session_id: &str) -> Result<()> {
     validate_tree_id(session_id).context("invalid session_id")?;
     let Some(tree_id) = ctx.tree_id.clone() else {
         // Nothing to complete without a tree — keep parity with Python (silent no-op).
         return Ok(());
     };


*** /home/azureuser/.rustup/toolchains/1.97.0-x86_64-unknown-linux-gnu/bin/cargo test --no-run --verbose --package=amplihack-cli@0.18.0
    Blocking waiting for file lock on package cache
       Fresh unicode-ident v1.0.24
       Fresh proc-macro2 v1.0.106
       Fresh quote v1.0.45
       Fresh syn v2.0.117
       Fresh libc v0.2.186
       Fresh cfg-if v1.0.4
       Fresh shlex v1.3.0
       Fresh find-msvc-tools v0.1.9
       Fresh cc v1.2.61
       Fresh once_cell v1.21.4
       Fresh serde_core v1.0.228
       Fresh memchr v2.8.0
       Fresh serde_derive v1.0.228
       Fresh tracing-core v0.1.36
       Fresh bitflags v2.11.1
       Fresh pin-project-lite v0.2.17
       Fresh synstructure v0.13.2
       Fresh version_check v0.9.5
       Fresh itoa v1.0.18
       Fresh regex-syntax v0.8.10
       Fresh thiserror-impl v2.0.18
       Fresh tracing-attributes v0.1.31
       Fresh autocfg v1.5.0
       Fresh linux-raw-sys v0.12.1
       Fresh typenum v1.20.0
       Fresh stable_deref_trait v1.2.1
       Fresh errno v0.3.14
       Fresh bytes v1.11.1
       Fresh displaydoc v0.2.5
       Fresh zerovec-derive v0.11.3
       Fresh equivalent v1.0.2
       Fresh mio v1.2.0
       Fresh socket2 v0.6.5
       Fresh tokio-macros v2.7.0
       Fresh fastrand v2.4.1
       Fresh iana-time-zone v0.1.65
       Fresh unicode-width v0.1.14
       Fresh smallvec v1.15.1
       Fresh aho-corasick v1.1.4
       Fresh zerofrom-derive v0.1.7
       Fresh tracing v0.1.44
       Fresh yoke-derive v0.8.2
       Fresh signal-hook-registry v1.4.8
       Fresh termcolor v1.4.1
       Fresh cpufeatures v0.2.17
       Fresh cxxbridge-flags v1.0.138
       Fresh litemap v0.8.2
       Fresh writeable v0.6.3
       Fresh base64 v0.22.1
       Fresh hashbrown v0.17.0
       Fresh pkg-config v0.3.33
       Fresh vcpkg v0.2.15
       Fresh utf8_iter v1.0.4
       Fresh zeroize v1.8.2
       Fresh foldhash v0.1.5
       Fresh cmake v0.1.58
       Fresh either v1.15.0
       Fresh anstyle v1.0.14
       Fresh powerfmt v0.2.0
       Fresh foldhash v0.2.0
       Fresh log v0.4.29
       Fresh async-trait v0.1.89
       Fresh simd-adler32 v0.3.9
       Fresh allocator-api2 v0.2.21
       Fresh num-conv v0.2.1
       Fresh arrayvec v0.7.6
       Fresh time-core v0.1.8
       Fresh utf8parse v0.2.2
       Fresh getrandom v0.2.17
       Fresh untrusted v0.9.0
       Fresh adler2 v2.0.1
       Fresh fallible-iterator v0.3.0
       Fresh serde v1.0.228
       Fresh regex-automata v0.4.14
       Fresh zmij v1.0.21
       Fresh thiserror v2.0.18
       Fresh rustix v1.1.4
       Fresh zerofrom v0.1.7
       Fresh getrandom v0.4.2
       Fresh anyhow v1.0.102
       Fresh tokio v1.52.1
       Fresh codespan-reporting v0.11.1
       Fresh scratch v1.0.9
       Fresh rustversion v1.0.22
       Fresh indexmap v2.14.0
       Fresh rustls-pki-types v1.14.1
       Fresh hashbrown v0.16.1
       Fresh deranged v0.5.8
       Fresh itertools v0.14.0
       Fresh anstyle-parse v1.0.0
       Fresh hashbrown v0.15.5
       Fresh colorchoice v1.0.5
       Fresh is_terminal_polyfill v1.70.2
       Fresh fallible-streaming-iterator v0.1.9
       Fresh anstyle-query v1.1.5
       Fresh miniz_oxide v0.8.9
       Fresh percent-encoding v2.3.2
       Fresh strsim v0.11.1
       Fresh winnow v0.7.15
       Fresh heck v0.5.0
       Fresh cfg_aliases v0.2.1
       Fresh toml_write v0.1.2
       Fresh clap_lex v1.1.0
       Fresh thiserror-impl v1.0.69
       Fresh subtle v2.6.1
       Fresh predicates-core v1.0.10
       Fresh bumpalo v3.20.2
       Fresh unsafe-libyaml v0.2.11
       Fresh ryu v1.0.23
       Fresh unicode-width v0.2.2
       Fresh serde_json v1.0.149
       Fresh generic-array v0.14.7
       Fresh yoke v0.8.2
       Fresh num-traits v0.2.19
       Fresh regex v1.12.3
       Fresh tempfile v3.27.0
       Fresh cxx-build v1.0.138
       Fresh icu_normalizer_data v2.2.0
       Fresh icu_properties_data v2.2.0
       Fresh cxxbridge-macro v1.0.138
       Fresh link-cplusplus v1.0.12
       Fresh time v0.3.47
       Fresh uuid v1.23.1
       Fresh crc32fast v1.5.0
       Fresh hashlink v0.11.0
       Fresh prost-derive v0.13.5
       Fresh serde_spanned v0.6.9
       Fresh anstream v1.0.0
       Fresh fs4 v0.13.1
       Fresh toml_datetime v0.6.11
       Fresh ring v0.17.14
       Fresh lru v0.12.5
       Fresh webpki-roots v1.0.7
       Fresh form_urlencoded v1.2.2
       Fresh clap_derive v4.6.1
       Fresh serde_yaml v0.9.34+deprecated
       Fresh xattr v1.6.1
       Fresh amplihack-turn v0.18.0 (/tmp/cargo-mutants-amplihack-pr-YcCg5x.tmp/crates/amplihack-turn)
       Fresh console v0.15.11
       Fresh filetime v0.2.27
       Fresh termtree v0.5.1
       Fresh difflib v0.4.0
       Fresh futures-core v0.3.32
       Fresh shell-words v1.1.1
       Fresh lazy_static v1.5.0
       Fresh tracing-serde v0.2.0
       Fresh bstr v1.12.1
       Fresh matchers v0.2.0
       Fresh tracing-log v0.2.0
       Fresh thread_local v1.1.9
       Fresh wait-timeout v0.2.1
       Fresh nu-ansi-term v0.50.3
       Fresh comma v1.0.0
       Fresh crypto-common v0.1.7
       Fresh block-buffer v0.10.4
       Fresh zerovec v0.11.6
       Fresh chrono v0.4.44
       Fresh amplihack-types v0.18.0 (/tmp/cargo-mutants-amplihack-pr-YcCg5x.tmp/crates/amplihack-types)
       Fresh zerotrie v0.2.4
       Fresh libsqlite3-sys v0.36.0
       Fresh rust_decimal v1.41.0
       Fresh cxx v1.0.138
       Fresh prost v0.13.5
       Fresh clap_builder v4.6.0
       Fresh rustls-webpki v0.103.13
       Fresh toml_edit v0.22.27
       Fresh flate2 v1.1.9
       Fresh zopfli v0.8.3
       Fresh webpki-roots v0.26.11
       Fresh thiserror v1.0.69
       Fresh predicates v3.1.4
       Fresh tar v0.4.45
       Fresh tokio-stream v0.1.18
       Fresh predicates-tree v1.0.13
       Fresh signal-hook v0.3.18
       Fresh sharded-slab v0.1.7
       Fresh semver v1.0.28
       Fresh digest v0.10.7
       Fresh tinystr v0.8.3
       Fresh potential_utf v0.1.5
       Fresh rusqlite v0.38.0
       Fresh amplihack-state v0.18.0 (/tmp/cargo-mutants-amplihack-pr-YcCg5x.tmp/crates/amplihack-state)
       Fresh clap v4.6.1
       Fresh toml v0.8.23
       Fresh rustls v0.23.40
       Dirty amplihack-cli v0.18.0 (/tmp/cargo-mutants-amplihack-pr-YcCg5x.tmp/crates/amplihack-cli): the precalculated components changed
   Compiling amplihack-cli v0.18.0 (/tmp/cargo-mutants-amplihack-pr-YcCg5x.tmp/crates/amplihack-cli)
       Fresh dialoguer v0.11.0
       Fresh amplihack-builders v0.18.0 (/tmp/cargo-mutants-amplihack-pr-YcCg5x.tmp/crates/amplihack-builders)
       Fresh nix v0.31.3
       Fresh amplihack-reflection v0.18.0 (/tmp/cargo-mutants-amplihack-pr-YcCg5x.tmp/crates/amplihack-reflection)
       Fresh zip v2.4.2
       Fresh tracing-subscriber v0.3.23
       Fresh assert_cmd v2.2.1
       Fresh sha2 v0.10.9
       Fresh icu_locale_core v2.2.0
       Fresh icu_collections v2.2.0
       Fresh sha1 v0.10.6
       Fresh lbug v0.15.4
       Fresh md-5 v0.10.6
       Fresh clap_complete v4.6.3
       Fresh rexpect v0.6.4
       Fresh amplihack-signal v0.18.0 (/tmp/cargo-mutants-amplihack-pr-YcCg5x.tmp/crates/amplihack-signal)
     Running `/tmp/cargo-mutants-amplihack-pr-YcCg5x.tmp/target/debug/build/amplihack-cli-b35d8d192a75a416/build-script-build`
       Fresh amplihack-utils v0.18.0 (/tmp/cargo-mutants-amplihack-pr-YcCg5x.tmp/crates/amplihack-utils)
       Fresh icu_provider v2.2.0
       Fresh amplihack-memory v0.18.0 (/tmp/cargo-mutants-amplihack-pr-YcCg5x.tmp/crates/amplihack-memory)
       Fresh icu_properties v2.2.0
       Fresh icu_normalizer v2.2.0
       Fresh amplihack-agent-core v0.18.0 (/tmp/cargo-mutants-amplihack-pr-YcCg5x.tmp/crates/amplihack-agent-core)
       Fresh amplihack-orchestration v0.18.0 (/tmp/cargo-mutants-amplihack-pr-YcCg5x.tmp/crates/amplihack-orchestration)
       Fresh amplihack-launcher v0.18.0 (/tmp/cargo-mutants-amplihack-pr-YcCg5x.tmp/crates/amplihack-launcher)
       Fresh amplihack-workflows v0.18.0 (/tmp/cargo-mutants-amplihack-pr-YcCg5x.tmp/crates/amplihack-workflows)
       Fresh amplihack-remote v0.18.0 (/tmp/cargo-mutants-amplihack-pr-YcCg5x.tmp/crates/amplihack-remote)
       Fresh idna_adapter v1.2.2
       Fresh amplihack-hive v0.18.0 (/tmp/cargo-mutants-amplihack-pr-YcCg5x.tmp/crates/amplihack-hive)
       Fresh idna v1.1.0
       Fresh url v2.5.8
       Fresh ureq v2.12.1
     Running `/home/azureuser/.rustup/toolchains/1.97.0-x86_64-unknown-linux-gnu/bin/rustc --crate-name amplihack_cli --edition=2024 crates/amplihack-cli/src/lib.rs --error-format=json --json=diagnostic-rendered-ansi,artifacts,future-incompat --emit=dep-info,link -C embed-bitcode=no -C debuginfo=line-tables-only --warn=unexpected_cfgs --check-cfg 'cfg(kani)' --test --cfg 'feature="default"' --check-cfg 'cfg(docsrs,test)' --check-cfg 'cfg(feature, values("default", "signal", "test-support"))' -C metadata=3bc5a3280097f8ca -C extra-filename=-9a96a7f78998a81d --out-dir /tmp/cargo-mutants-amplihack-pr-YcCg5x.tmp/target/debug/deps -C incremental=/tmp/cargo-mutants-amplihack-pr-YcCg5x.tmp/target/debug/incremental -L dependency=/tmp/cargo-mutants-amplihack-pr-YcCg5x.tmp/target/debug/deps --extern amplihack_builders=/tmp/cargo-mutants-amplihack-pr-YcCg5x.tmp/target/debug/deps/libamplihack_builders-03993fac7567dfac.rlib --extern amplihack_hive=/tmp/cargo-mutants-amplihack-pr-YcCg5x.tmp/target/debug/deps/libamplihack_hive-7dcf48bdaeaf754c.rlib --extern amplihack_launcher=/tmp/cargo-mutants-amplihack-pr-YcCg5x.tmp/target/debug/deps/libamplihack_launcher-a0b196619987966a.rlib --extern amplihack_memory=/tmp/cargo-mutants-amplihack-pr-YcCg5x.tmp/target/debug/deps/libamplihack_memory-52ac4db15a775e5a.rlib --extern amplihack_orchestration=/tmp/cargo-mutants-amplihack-pr-YcCg5x.tmp/target/debug/deps/libamplihack_orchestration-ed20700a2c166be7.rlib --extern amplihack_reflection=/tmp/cargo-mutants-amplihack-pr-YcCg5x.tmp/target/debug/deps/libamplihack_reflection-9fc868256a9530da.rlib --extern amplihack_remote=/tmp/cargo-mutants-amplihack-pr-YcCg5x.tmp/target/debug/deps/libamplihack_remote-bda9eaf1668cac2f.rlib --extern amplihack_signal=/tmp/cargo-mutants-amplihack-pr-YcCg5x.tmp/target/debug/deps/libamplihack_signal-12b09c972d1bf694.rlib --extern amplihack_state=/tmp/cargo-mutants-amplihack-pr-YcCg5x.tmp/target/debug/deps/libamplihack_state-5bfc4593aa3c2735.rlib --extern amplihack_turn=/tmp/cargo-mutants-amplihack-pr-YcCg5x.tmp/target/debug/deps/libamplihack_turn-bf066a2c4d2d9785.rlib --extern amplihack_types=/tmp/cargo-mutants-amplihack-pr-YcCg5x.tmp/target/debug/deps/libamplihack_types-5aa2c2ee7df7bcf4.rlib --extern amplihack_utils=/tmp/cargo-mutants-amplihack-pr-YcCg5x.tmp/target/debug/deps/libamplihack_utils-08a9c706cfc82cac.rlib --extern amplihack_workflows=/tmp/cargo-mutants-amplihack-pr-YcCg5x.tmp/target/debug/deps/libamplihack_workflows-15e51595127c129b.rlib --extern anyhow=/tmp/cargo-mutants-amplihack-pr-YcCg5x.tmp/target/debug/deps/libanyhow-aaead62bc88b9429.rlib --extern assert_cmd=/tmp/cargo-mutants-amplihack-pr-YcCg5x.tmp/target/debug/deps/libassert_cmd-7a96199b9b843959.rlib --extern async_trait=/tmp/cargo-mutants-amplihack-pr-YcCg5x.tmp/target/debug/deps/libasync_trait-601d0c3ace375beb.so --extern chrono=/tmp/cargo-mutants-amplihack-pr-YcCg5x.tmp/target/debug/deps/libchrono-698d0514bedff45c.rlib --extern clap=/tmp/cargo-mutants-amplihack-pr-YcCg5x.tmp/target/debug/deps/libclap-0a08011544f8a5b8.rlib --extern clap_complete=/tmp/cargo-mutants-amplihack-pr-YcCg5x.tmp/target/debug/deps/libclap_complete-037496bed915a9d8.rlib --extern dialoguer=/tmp/cargo-mutants-amplihack-pr-YcCg5x.tmp/target/debug/deps/libdialoguer-701eb5d666153ef9.rlib --extern flate2=/tmp/cargo-mutants-amplihack-pr-YcCg5x.tmp/target/debug/deps/libflate2-c3906d7a8bde7622.rlib --extern fs4=/tmp/cargo-mutants-amplihack-pr-YcCg5x.tmp/target/debug/deps/libfs4-5b0e4af1974bf2a4.rlib --extern lbug=/tmp/cargo-mutants-amplihack-pr-YcCg5x.tmp/target/debug/deps/liblbug-59cfc3aac2014f89.rlib --extern libc=/tmp/cargo-mutants-amplihack-pr-YcCg5x.tmp/target/debug/deps/liblibc-4d73f44b645ff25b.rlib --extern lru=/tmp/cargo-mutants-amplihack-pr-YcCg5x.tmp/target/debug/deps/liblru-7e6e70a4ddd6b98d.rlib --extern prost=/tmp/cargo-mutants-amplihack-pr-YcCg5x.tmp/target/debug/deps/libprost-add16c9af461c9ee.rlib --extern regex=/tmp/cargo-mutants-amplihack-pr-YcCg5x.tmp/target/debug/deps/libregex-03ca1be4cec3c16d.rlib --extern rexpect=/tmp/cargo-mutants-amplihack-pr-YcCg5x.tmp/target/debug/deps/librexpect-5a0111470db11a54.rlib --extern rusqlite=/tmp/cargo-mutants-amplihack-pr-YcCg5x.tmp/target/debug/deps/librusqlite-90f542ebc6046a0d.rlib --extern semver=/tmp/cargo-mutants-amplihack-pr-YcCg5x.tmp/target/debug/deps/libsemver-d1ac1c952db7cf2d.rlib --extern serde=/tmp/cargo-mutants-amplihack-pr-YcCg5x.tmp/target/debug/deps/libserde-9862aaefd1081862.rlib --extern serde_json=/tmp/cargo-mutants-amplihack-pr-YcCg5x.tmp/target/debug/deps/libserde_json-061c00ff3e9853d1.rlib --extern serde_yaml=/tmp/cargo-mutants-amplihack-pr-YcCg5x.tmp/target/debug/deps/libserde_yaml-32f4debdc5c586ac.rlib --extern sha2=/tmp/cargo-mutants-amplihack-pr-YcCg5x.tmp/target/debug/deps/libsha2-9bd26e6f526c10f4.rlib --extern signal_hook=/tmp/cargo-mutants-amplihack-pr-YcCg5x.tmp/target/debug/deps/libsignal_hook-016995c66640b093.rlib --extern tar=/tmp/cargo-mutants-amplihack-pr-YcCg5x.tmp/target/debug/deps/libtar-739a95e6c50d0407.rlib --extern tempfile=/tmp/cargo-mutants-amplihack-pr-YcCg5x.tmp/target/debug/deps/libtempfile-5a176b43127bd653.rlib --extern thiserror=/tmp/cargo-mutants-amplihack-pr-YcCg5x.tmp/target/debug/deps/libthiserror-2e6c1412a455e99c.rlib --extern time=/tmp/cargo-mutants-amplihack-pr-YcCg5x.tmp/target/debug/deps/libtime-16367d88b56805ba.rlib --extern tokio=/tmp/cargo-mutants-amplihack-pr-YcCg5x.tmp/target/debug/deps/libtokio-72d59edba91c3e05.rlib --extern toml=/tmp/cargo-mutants-amplihack-pr-YcCg5x.tmp/target/debug/deps/libtoml-1a9bef83c37016d2.rlib --extern tracing=/tmp/cargo-mutants-amplihack-pr-YcCg5x.tmp/target/debug/deps/libtracing-c155b65c27f48072.rlib --extern tracing_subscriber=/tmp/cargo-mutants-amplihack-pr-YcCg5x.tmp/target/debug/deps/libtracing_subscriber-0a1c6037d6d0ddb6.rlib --extern ureq=/tmp/cargo-mutants-amplihack-pr-YcCg5x.tmp/target/debug/deps/libureq-a52054ce8bf46ff7.rlib --extern uuid=/tmp/cargo-mutants-amplihack-pr-YcCg5x.tmp/target/debug/deps/libuuid-d03d2fc21fd13b3e.rlib --extern zip=/tmp/cargo-mutants-amplihack-pr-YcCg5x.tmp/target/debug/deps/libzip-8228d34f1cec4b5d.rlib -L native=/tmp/cargo-mutants-amplihack-pr-YcCg5x.tmp/target/debug/build/lbug-c2061b4e8dfc1d6b/out/build/src -L native=/tmp/cargo-mutants-amplihack-pr-YcCg5x.tmp/target/debug/build/lbug-c2061b4e8dfc1d6b/out/build/third_party/utf8proc -L native=/tmp/cargo-mutants-amplihack-pr-YcCg5x.tmp/target/debug/build/lbug-c2061b4e8dfc1d6b/out/build/third_party/antlr4_cypher -L native=/tmp/cargo-mutants-amplihack-pr-YcCg5x.tmp/target/debug/build/lbug-c2061b4e8dfc1d6b/out/build/third_party/antlr4_runtime -L native=/tmp/cargo-mutants-amplihack-pr-YcCg5x.tmp/target/debug/build/lbug-c2061b4e8dfc1d6b/out/build/third_party/re2 -L native=/tmp/cargo-mutants-amplihack-pr-YcCg5x.tmp/target/debug/build/lbug-c2061b4e8dfc1d6b/out/build/third_party/brotli -L native=/tmp/cargo-mutants-amplihack-pr-YcCg5x.tmp/target/debug/build/lbug-c2061b4e8dfc1d6b/out/build/third_party/alp -L native=/tmp/cargo-mutants-amplihack-pr-YcCg5x.tmp/target/debug/build/lbug-c2061b4e8dfc1d6b/out/build/third_party/fastpfor -L native=/tmp/cargo-mutants-amplihack-pr-YcCg5x.tmp/target/debug/build/lbug-c2061b4e8dfc1d6b/out/build/third_party/parquet -L native=/tmp/cargo-mutants-amplihack-pr-YcCg5x.tmp/target/debug/build/lbug-c2061b4e8dfc1d6b/out/build/third_party/thrift -L native=/tmp/cargo-mutants-amplihack-pr-YcCg5x.tmp/target/debug/build/lbug-c2061b4e8dfc1d6b/out/build/third_party/snappy -L native=/tmp/cargo-mutants-amplihack-pr-YcCg5x.tmp/target/debug/build/lbug-c2061b4e8dfc1d6b/out/build/third_party/zstd -L native=/tmp/cargo-mutants-amplihack-pr-YcCg5x.tmp/target/debug/build/lbug-c2061b4e8dfc1d6b/out/build/third_party/miniz -L native=/tmp/cargo-mutants-amplihack-pr-YcCg5x.tmp/target/debug/build/lbug-c2061b4e8dfc1d6b/out/build/third_party/mbedtls -L native=/tmp/cargo-mutants-amplihack-pr-YcCg5x.tmp/target/debug/build/lbug-c2061b4e8dfc1d6b/out/build/third_party/lz4 -L native=/tmp/cargo-mutants-amplihack-pr-YcCg5x.tmp/target/debug/build/lbug-c2061b4e8dfc1d6b/out/build/third_party/roaring_bitmap -L native=/tmp/cargo-mutants-amplihack-pr-YcCg5x.tmp/target/debug/build/lbug-c2061b4e8dfc1d6b/out/build/third_party/simsimd -L native=/tmp/cargo-mutants-amplihack-pr-YcCg5x.tmp/target/debug/build/lbug-c2061b4e8dfc1d6b/out/build/third_party/yyjson -L native=/tmp/cargo-mutants-amplihack-pr-YcCg5x.tmp/target/debug/build/lbug-c2061b4e8dfc1d6b/out -L native=/tmp/cargo-mutants-amplihack-pr-YcCg5x.tmp/target/debug/build/cxx-3dafb46d76064c7e/out -L native=/tmp/cargo-mutants-amplihack-pr-YcCg5x.tmp/target/debug/build/link-cplusplus-99e4942e4cf65b7c/out -L native=/tmp/cargo-mutants-amplihack-pr-YcCg5x.tmp/target/debug/build/libsqlite3-sys-f4dcd415928f89cb/out -L native=/tmp/cargo-mutants-amplihack-pr-YcCg5x.tmp/target/debug/build/ring-439005edc122cf5b/out`
     Running `/home/azureuser/.rustup/toolchains/1.97.0-x86_64-unknown-linux-gnu/bin/rustc --crate-name amplihack_cli --edition=2024 crates/amplihack-cli/src/lib.rs --error-format=json --json=diagnostic-rendered-ansi,artifacts,future-incompat --crate-type lib --emit=dep-info,metadata,link -C embed-bitcode=no -C debuginfo=line-tables-only --warn=unexpected_cfgs --check-cfg 'cfg(kani)' --cfg 'feature="default"' --check-cfg 'cfg(docsrs,test)' --check-cfg 'cfg(feature, values("default", "signal", "test-support"))' -C metadata=55f52398298596e4 -C extra-filename=-29d762ce3c0fd35c --out-dir /tmp/cargo-mutants-amplihack-pr-YcCg5x.tmp/target/debug/deps -C incremental=/tmp/cargo-mutants-amplihack-pr-YcCg5x.tmp/target/debug/incremental -L dependency=/tmp/cargo-mutants-amplihack-pr-YcCg5x.tmp/target/debug/deps --extern amplihack_builders=/tmp/cargo-mutants-amplihack-pr-YcCg5x.tmp/target/debug/deps/libamplihack_builders-03993fac7567dfac.rmeta --extern amplihack_hive=/tmp/cargo-mutants-amplihack-pr-YcCg5x.tmp/target/debug/deps/libamplihack_hive-7dcf48bdaeaf754c.rmeta --extern amplihack_launcher=/tmp/cargo-mutants-amplihack-pr-YcCg5x.tmp/target/debug/deps/libamplihack_launcher-a0b196619987966a.rmeta --extern amplihack_memory=/tmp/cargo-mutants-amplihack-pr-YcCg5x.tmp/target/debug/deps/libamplihack_memory-52ac4db15a775e5a.rmeta --extern amplihack_orchestration=/tmp/cargo-mutants-amplihack-pr-YcCg5x.tmp/target/debug/deps/libamplihack_orchestration-ed20700a2c166be7.rmeta --extern amplihack_reflection=/tmp/cargo-mutants-amplihack-pr-YcCg5x.tmp/target/debug/deps/libamplihack_reflection-9fc868256a9530da.rmeta --extern amplihack_remote=/tmp/cargo-mutants-amplihack-pr-YcCg5x.tmp/target/debug/deps/libamplihack_remote-bda9eaf1668cac2f.rmeta --extern amplihack_state=/tmp/cargo-mutants-amplihack-pr-YcCg5x.tmp/target/debug/deps/libamplihack_state-5bfc4593aa3c2735.rmeta --extern amplihack_turn=/tmp/cargo-mutants-amplihack-pr-YcCg5x.tmp/target/debug/deps/libamplihack_turn-bf066a2c4d2d9785.rmeta --extern amplihack_types=/tmp/cargo-mutants-amplihack-pr-YcCg5x.tmp/target/debug/deps/libamplihack_types-5aa2c2ee7df7bcf4.rmeta --extern amplihack_utils=/tmp/cargo-mutants-amplihack-pr-YcCg5x.tmp/target/debug/deps/libamplihack_utils-08a9c706cfc82cac.rmeta --extern amplihack_workflows=/tmp/cargo-mutants-amplihack-pr-YcCg5x.tmp/target/debug/deps/libamplihack_workflows-15e51595127c129b.rmeta --extern anyhow=/tmp/cargo-mutants-amplihack-pr-YcCg5x.tmp/target/debug/deps/libanyhow-aaead62bc88b9429.rmeta --extern async_trait=/tmp/cargo-mutants-amplihack-pr-YcCg5x.tmp/target/debug/deps/libasync_trait-601d0c3ace375beb.so --extern chrono=/tmp/cargo-mutants-amplihack-pr-YcCg5x.tmp/target/debug/deps/libchrono-698d0514bedff45c.rmeta --extern clap=/tmp/cargo-mutants-amplihack-pr-YcCg5x.tmp/target/debug/deps/libclap-0a08011544f8a5b8.rmeta --extern clap_complete=/tmp/cargo-mutants-amplihack-pr-YcCg5x.tmp/target/debug/deps/libclap_complete-037496bed915a9d8.rmeta --extern dialoguer=/tmp/cargo-mutants-amplihack-pr-YcCg5x.tmp/target/debug/deps/libdialoguer-701eb5d666153ef9.rmeta --extern flate2=/tmp/cargo-mutants-amplihack-pr-YcCg5x.tmp/target/debug/deps/libflate2-c3906d7a8bde7622.rmeta --extern fs4=/tmp/cargo-mutants-amplihack-pr-YcCg5x.tmp/target/debug/deps/libfs4-5b0e4af1974bf2a4.rmeta --extern lbug=/tmp/cargo-mutants-amplihack-pr-YcCg5x.tmp/target/debug/deps/liblbug-59cfc3aac2014f89.rmeta --extern libc=/tmp/cargo-mutants-amplihack-pr-YcCg5x.tmp/target/debug/deps/liblibc-4d73f44b645ff25b.rmeta --extern lru=/tmp/cargo-mutants-amplihack-pr-YcCg5x.tmp/target/debug/deps/liblru-7e6e70a4ddd6b98d.rmeta --extern prost=/tmp/cargo-mutants-amplihack-pr-YcCg5x.tmp/target/debug/deps/libprost-add16c9af461c9ee.rmeta --extern regex=/tmp/cargo-mutants-amplihack-pr-YcCg5x.tmp/target/debug/deps/libregex-03ca1be4cec3c16d.rmeta --extern rusqlite=/tmp/cargo-mutants-amplihack-pr-YcCg5x.tmp/target/debug/deps/librusqlite-90f542ebc6046a0d.rmeta --extern semver=/tmp/cargo-mutants-amplihack-pr-YcCg5x.tmp/target/debug/deps/libsemver-d1ac1c952db7cf2d.rmeta --extern serde=/tmp/cargo-mutants-amplihack-pr-YcCg5x.tmp/target/debug/deps/libserde-9862aaefd1081862.rmeta --extern serde_json=/tmp/cargo-mutants-amplihack-pr-YcCg5x.tmp/target/debug/deps/libserde_json-061c00ff3e9853d1.rmeta --extern serde_yaml=/tmp/cargo-mutants-amplihack-pr-YcCg5x.tmp/target/debug/deps/libserde_yaml-32f4debdc5c586ac.rmeta --extern sha2=/tmp/cargo-mutants-amplihack-pr-YcCg5x.tmp/target/debug/deps/libsha2-9bd26e6f526c10f4.rmeta --extern signal_hook=/tmp/cargo-mutants-amplihack-pr-YcCg5x.tmp/target/debug/deps/libsignal_hook-016995c66640b093.rmeta --extern tar=/tmp/cargo-mutants-amplihack-pr-YcCg5x.tmp/target/debug/deps/libtar-739a95e6c50d0407.rmeta --extern tempfile=/tmp/cargo-mutants-amplihack-pr-YcCg5x.tmp/target/debug/deps/libtempfile-5a176b43127bd653.rmeta --extern thiserror=/tmp/cargo-mutants-amplihack-pr-YcCg5x.tmp/target/debug/deps/libthiserror-2e6c1412a455e99c.rmeta --extern time=/tmp/cargo-mutants-amplihack-pr-YcCg5x.tmp/target/debug/deps/libtime-16367d88b56805ba.rmeta --extern tokio=/tmp/cargo-mutants-amplihack-pr-YcCg5x.tmp/target/debug/deps/libtokio-72d59edba91c3e05.rmeta --extern toml=/tmp/cargo-mutants-amplihack-pr-YcCg5x.tmp/target/debug/deps/libtoml-1a9bef83c37016d2.rmeta --extern tracing=/tmp/cargo-mutants-amplihack-pr-YcCg5x.tmp/target/debug/deps/libtracing-c155b65c27f48072.rmeta --extern ureq=/tmp/cargo-mutants-amplihack-pr-YcCg5x.tmp/target/debug/deps/libureq-a52054ce8bf46ff7.rmeta --extern uuid=/tmp/cargo-mutants-amplihack-pr-YcCg5x.tmp/target/debug/deps/libuuid-d03d2fc21fd13b3e.rmeta --extern zip=/tmp/cargo-mutants-amplihack-pr-YcCg5x.tmp/target/debug/deps/libzip-8228d34f1cec4b5d.rmeta -L native=/tmp/cargo-mutants-amplihack-pr-YcCg5x.tmp/target/debug/build/lbug-c2061b4e8dfc1d6b/out/build/src -L native=/tmp/cargo-mutants-amplihack-pr-YcCg5x.tmp/target/debug/build/lbug-c2061b4e8dfc1d6b/out/build/third_party/utf8proc -L native=/tmp/cargo-mutants-amplihack-pr-YcCg5x.tmp/target/debug/build/lbug-c2061b4e8dfc1d6b/out/build/third_party/antlr4_cypher -L native=/tmp/cargo-mutants-amplihack-pr-YcCg5x.tmp/target/debug/build/lbug-c2061b4e8dfc1d6b/out/build/third_party/antlr4_runtime -L native=/tmp/cargo-mutants-amplihack-pr-YcCg5x.tmp/target/debug/build/lbug-c2061b4e8dfc1d6b/out/build/third_party/re2 -L native=/tmp/cargo-mutants-amplihack-pr-YcCg5x.tmp/target/debug/build/lbug-c2061b4e8dfc1d6b/out/build/third_party/brotli -L native=/tmp/cargo-mutants-amplihack-pr-YcCg5x.tmp/target/debug/build/lbug-c2061b4e8dfc1d6b/out/build/third_party/alp -L native=/tmp/cargo-mutants-amplihack-pr-YcCg5x.tmp/target/debug/build/lbug-c2061b4e8dfc1d6b/out/build/third_party/fastpfor -L native=/tmp/cargo-mutants-amplihack-pr-YcCg5x.tmp/target/debug/build/lbug-c2061b4e8dfc1d6b/out/build/third_party/parquet -L native=/tmp/cargo-mutants-amplihack-pr-YcCg5x.tmp/target/debug/build/lbug-c2061b4e8dfc1d6b/out/build/third_party/thrift -L native=/tmp/cargo-mutants-amplihack-pr-YcCg5x.tmp/target/debug/build/lbug-c2061b4e8dfc1d6b/out/build/third_party/snappy -L native=/tmp/cargo-mutants-amplihack-pr-YcCg5x.tmp/target/debug/build/lbug-c2061b4e8dfc1d6b/out/build/third_party/zstd -L native=/tmp/cargo-mutants-amplihack-pr-YcCg5x.tmp/target/debug/build/lbug-c2061b4e8dfc1d6b/out/build/third_party/miniz -L native=/tmp/cargo-mutants-amplihack-pr-YcCg5x.tmp/target/debug/build/lbug-c2061b4e8dfc1d6b/out/build/third_party/mbedtls -L native=/tmp/cargo-mutants-amplihack-pr-YcCg5x.tmp/target/debug/build/lbug-c2061b4e8dfc1d6b/out/build/third_party/lz4 -L native=/tmp/cargo-mutants-amplihack-pr-YcCg5x.tmp/target/debug/build/lbug-c2061b4e8dfc1d6b/out/build/third_party/roaring_bitmap -L native=/tmp/cargo-mutants-amplihack-pr-YcCg5x.tmp/target/debug/build/lbug-c2061b4e8dfc1d6b/out/build/third_party/simsimd -L native=/tmp/cargo-mutants-amplihack-pr-YcCg5x.tmp/target/debug/build/lbug-c2061b4e8dfc1d6b/out/build/third_party/yyjson -L native=/tmp/cargo-mutants-amplihack-pr-YcCg5x.tmp/target/debug/build/lbug-c2061b4e8dfc1d6b/out -L native=/tmp/cargo-mutants-amplihack-pr-YcCg5x.tmp/target/debug/build/cxx-3dafb46d76064c7e/out -L native=/tmp/cargo-mutants-amplihack-pr-YcCg5x.tmp/target/debug/build/link-cplusplus-99e4942e4cf65b7c/out -L native=/tmp/cargo-mutants-amplihack-pr-YcCg5x.tmp/target/debug/build/libsqlite3-sys-f4dcd415928f89cb/out -L native=/tmp/cargo-mutants-amplihack-pr-YcCg5x.tmp/target/debug/build/ring-439005edc122cf5b/out`
warning: unused imports: `SessionEntry` and `effective_max_depth`
  --> crates/amplihack-cli/src/commands/session_tree/mod.rs:27:65
   |
27 |     DEFAULT_MAX_DEPTH, DEFAULT_MAX_SESSIONS, MAX_DEPTH_CEILING, SessionEntry, SessionStatus,
   |                                                                 ^^^^^^^^^^^^
28 |     effective_max_depth, load_state, save_state, state_dir, state_path_in, validate_tree_id,
   |     ^^^^^^^^^^^^^^^^^^^
   |
   = note: `#[warn(unused_imports)]` (part of `#[warn(unused)]`) on by default

warning: unused variable: `ctx`
   --> crates/amplihack-cli/src/commands/session_tree/mod.rs:141:5
    |
141 |     ctx: TreeContext,
    |     ^^^ help: if this is intentional, prefix it with an underscore: `_ctx`
    |
    = note: `#[warn(unused_variables)]` (part of `#[warn(unused)]`) on by default

warning: unused variable: `session_id`
   --> crates/amplihack-cli/src/commands/session_tree/mod.rs:142:5
    |
142 |     session_id: Option<String>,
    |     ^^^^^^^^^^ help: if this is intentional, prefix it with an underscore: `_session_id`

warning: unused variable: `parent_id`
   --> crates/amplihack-cli/src/commands/session_tree/mod.rs:143:5
    |
143 |     parent_id: Option<String>,
    |     ^^^^^^^^^ help: if this is intentional, prefix it with an underscore: `_parent_id`

warning: unused variable: `as_json`
   --> crates/amplihack-cli/src/commands/session_tree/mod.rs:144:5
    |
144 |     as_json: bool,
    |     ^^^^^^^ help: if this is intentional, prefix it with an underscore: `_as_json`

warning: function `random_id` is never used
   --> crates/amplihack-cli/src/commands/session_tree/mod.rs:117:4
    |
117 | fn random_id() -> String {
    |    ^^^^^^^^^
    |
    = note: `#[warn(dead_code)]` (part of `#[warn(unused)]`) on by default

